// Jest Snapshot v1, https://goo.gl/fbAQLP

exports[`should render Person 1`] = `
<div
  className="modal-wrapper"
>
  <div
    className="modal"
  >
    <button
      onClick={[MockFunction]}
    />
    <div
      className="person"
    >
      <ul>
        <li>
          Name
          : 
          Luke Skywalker
        </li>
        <li>
          Height
          : 
          172
        </li>
        <li>
          Mass
          : 
          77
        </li>
        <li>
          Hair color
          : 
          blond
        </li>
        <li>
          Skin color
          : 
          fair
        </li>
        <li>
          Eye color
          : 
          blue
        </li>
        <li>
          Birth year
          : 
          19BBY
        </li>
        <li>
          Gender
          : 
          male
        </li>
      </ul>
    </div>
  </div>
</div>
`;
